(0, '-', 'training_data/2C/000153.png')
('WRB_preflip:', 929, 0, 223)
('WRB_rotated:', 1152, 0, 0)
(1, '-', 'training_data/2C/000154.png')
('WRB_preflip:', 1152, 0, 0)
('WRB_rotated:', 942, 0, 210)
rotated
(2, '-', 'training_data/2C/000155.png')
('WRB_preflip:', 928, 0, 224)
('WRB_rotated:', 1152, 0, 0)
(3, '-', 'training_data/2D/000043.png')
('WRB_preflip:', 939, 213, 0)
('WRB_rotated:', 1152, 0, 0)
(4, '-', 'training_data/2D/000044.png')
('WRB_preflip:', 1152, 0, 0)
('WRB_rotated:', 963, 189, 0)
rotated
(5, '-', 'training_data/2D/000045.png')
('WRB_preflip:', 989, 163, 0)
('WRB_rotated:', 1152, 0, 0)
('Mistake:', '2H')
(6, '-', 'training_data/2H/000061.png')
('WRB_preflip:', 955, 197, 0)
('WRB_rotated:', 1152, 0, 0)
(7, '-', 'training_data/2H/000062.png')
('WRB_preflip:', 962, 190, 0)
('WRB_rotated:', 1152, 0, 0)
(8, '-', 'training_data/2H/000063.png')
('WRB_preflip:', 1028, 124, 0)
('WRB_rotated:', 1152, 0, 0)
(9, '-', 'training_data/2S/000010.png')
('WRB_preflip:', 1055, 0, 97)
('WRB_rotated:', 1152, 0, 0)
(10, '-', 'training_data/2S/000011.png')
('WRB_preflip:', 1152, 0, 0)
('WRB_rotated:', 991, 0, 161)
rotated
(11, '-', 'training_data/2S/000012.png')
('WRB_preflip:', 971, 0, 181)
('WRB_rotated:', 1152, 0, 0)
(12, '-', 'training_data/3C/000085.png')
('WRB_preflip:', 912, 0, 240)
('WRB_rotated:', 1152, 0, 0)
(13, '-', 'training_data/3C/000086.png')
('WRB_preflip:', 904, 0, 248)
('WRB_rotated:', 1152, 0, 0)
(14, '-', 'training_data/3C/000087.png')
('WRB_preflip:', 917, 0, 235)
('WRB_rotated:', 1152, 0, 0)
(15, '-', 'training_data/3D/000064.png')
('WRB_preflip:', 939, 213, 0)
('WRB_rotated:', 1152, 0, 0)
(16, '-', 'training_data/3D/000065.png')
('WRB_preflip:', 934, 218, 0)
('WRB_rotated:', 1152, 0, 0)
(17, '-', 'training_data/3D/000066.png')
('WRB_preflip:', 966, 186, 0)
('WRB_rotated:', 1152, 0, 0)
(18, '-', 'training_data/3H/000009.png')
('WRB_preflip:', 996, 156, 0)
('WRB_rotated:', 1152, 0, 0)
(19, '-', 'training_data/3H/000022.png')
('WRB_preflip:', 918, 234, 0)
('WRB_rotated:', 1152, 0, 0)
(20, '-', 'training_data/3H/000023.png')
('WRB_preflip:', 934, 218, 0)
('WRB_rotated:', 1152, 0, 0)
(21, '-', 'training_data/3H/000024.png')
('WRB_preflip:', 969, 183, 0)
('WRB_rotated:', 1152, 0, 0)
(22, '-', 'training_data/3S/000008.png')
('WRB_preflip:', 929, 0, 223)
('WRB_rotated:', 1152, 0, 0)
(23, '-', 'training_data/3S/000013.png')
('WRB_preflip:', 947, 0, 205)
('WRB_rotated:', 1152, 0, 0)
('Mistake:', '3C')
(24, '-', 'training_data/3S/000014.png')
('WRB_preflip:', 1152, 0, 0)
('WRB_rotated:', 1152, 0, 0)
(25, '-', 'training_data/3S/000015.png')
('WRB_preflip:', 949, 0, 203)
('WRB_rotated:', 1152, 0, 0)
(26, '-', 'training_data/4C/000058.png')
('WRB_preflip:', 932, 0, 220)
('WRB_rotated:', 1152, 0, 0)
(27, '-', 'training_data/4C/000059.png')
('WRB_preflip:', 936, 0, 216)
('WRB_rotated:', 1152, 0, 0)
(28, '-', 'training_data/4C/000060.png')
('WRB_preflip:', 930, 0, 222)
('WRB_rotated:', 1152, 0, 0)
(29, '-', 'training_data/4D/000120.png')
('WRB_preflip:', 937, 215, 0)
('WRB_rotated:', 1152, 0, 0)
(30, '-', 'training_data/4D/000121.png')
('WRB_preflip:', 954, 198, 0)
('WRB_rotated:', 1152, 0, 0)
(31, '-', 'training_data/4D/000122.png')
('WRB_preflip:', 1152, 0, 0)
('WRB_rotated:', 933, 219, 0)
rotated
(32, '-', 'training_data/4H/000079.png')
('WRB_preflip:', 921, 231, 0)
('WRB_rotated:', 1152, 0, 0)
(33, '-', 'training_data/4H/000080.png')
('WRB_preflip:', 914, 238, 0)
('WRB_rotated:', 1138, 14, 0)
(34, '-', 'training_data/4H/000081.png')
('WRB_preflip:', 930, 222, 0)
('WRB_rotated:', 1152, 0, 0)
(35, '-', 'training_data/4S/000094.png')
('WRB_preflip:', 914, 0, 238)
('WRB_rotated:', 1152, 0, 0)
(36, '-', 'training_data/4S/000095.png')
('WRB_preflip:', 927, 0, 225)
('WRB_rotated:', 1152, 0, 0)
(37, '-', 'training_data/4S/000096.png')
('WRB_preflip:', 923, 0, 229)
('WRB_rotated:', 1152, 0, 0)
(38, '-', 'training_data/5C/000040.png')
('WRB_preflip:', 924, 0, 228)
('WRB_rotated:', 1152, 0, 0)
(39, '-', 'training_data/5C/000041.png')
('WRB_preflip:', 1152, 0, 0)
('WRB_rotated:', 927, 0, 225)
rotated
(40, '-', 'training_data/5C/000042.png')
('WRB_preflip:', 938, 0, 214)
('WRB_rotated:', 1152, 0, 0)
(41, '-', 'training_data/5D/000046.png')
('WRB_preflip:', 957, 195, 0)
('WRB_rotated:', 1152, 0, 0)
(42, '-', 'training_data/5D/000047.png')
('WRB_preflip:', 1152, 0, 0)
('WRB_rotated:', 985, 167, 0)
rotated
(43, '-', 'training_data/5D/000048.png')
('WRB_preflip:', 951, 201, 0)
('WRB_rotated:', 1152, 0, 0)
(44, '-', 'training_data/5H/000037.png')
('WRB_preflip:', 954, 198, 0)
('WRB_rotated:', 1151, 1, 0)
(45, '-', 'training_data/5H/000038.png')
('WRB_preflip:', 1149, 3, 0)
('WRB_rotated:', 934, 218, 0)
rotated
(46, '-', 'training_data/5H/000039.png')
('WRB_preflip:', 1145, 7, 0)
('WRB_rotated:', 962, 190, 0)
rotated
(47, '-', 'training_data/5S/000007.png')
('WRB_preflip:', 940, 0, 212)
('WRB_rotated:', 1152, 0, 0)
(48, '-', 'training_data/5S/000112.png')
('WRB_preflip:', 913, 0, 239)
('WRB_rotated:', 1152, 0, 0)
(49, '-', 'training_data/5S/000113.png')
('WRB_preflip:', 915, 0, 237)
('WRB_rotated:', 1152, 0, 0)
(50, '-', 'training_data/5S/000114.png')
('WRB_preflip:', 1152, 0, 0)
('WRB_rotated:', 909, 0, 243)
rotated
(51, '-', 'training_data/6C/000052.png')
('WRB_preflip:', 908, 0, 244)
('WRB_rotated:', 1152, 0, 0)
(52, '-', 'training_data/6C/000053.png')
('WRB_preflip:', 1152, 0, 0)
('WRB_rotated:', 919, 0, 233)
rotated
(53, '-', 'training_data/6C/000054.png')
('WRB_preflip:', 914, 0, 238)
('WRB_rotated:', 1152, 0, 0)
(54, '-', 'training_data/6D/000138.png')
('WRB_preflip:', 903, 249, 0)
('WRB_rotated:', 1152, 0, 0)
(55, '-', 'training_data/6D/000139.png')
('WRB_preflip:', 1152, 0, 0)
('WRB_rotated:', 937, 215, 0)
rotated
(56, '-', 'training_data/6D/000140.png')
('WRB_preflip:', 917, 235, 0)
('WRB_rotated:', 1152, 0, 0)
(57, '-', 'training_data/6H/000141.png')
('WRB_preflip:', 922, 230, 0)
('WRB_rotated:', 1151, 1, 0)
(58, '-', 'training_data/6H/000142.png')
('WRB_preflip:', 923, 229, 0)
('WRB_rotated:', 1138, 14, 0)
(59, '-', 'training_data/6H/000143.png')
('WRB_preflip:', 923, 229, 0)
('WRB_rotated:', 1152, 0, 0)
(60, '-', 'training_data/6S/000109.png')
('WRB_preflip:', 903, 0, 249)
('WRB_rotated:', 1152, 0, 0)
(61, '-', 'training_data/6S/000110.png')
('WRB_preflip:', 907, 0, 245)
('WRB_rotated:', 1152, 0, 0)
(62, '-', 'training_data/6S/000111.png')
('WRB_preflip:', 917, 0, 235)
('WRB_rotated:', 1152, 0, 0)
(63, '-', 'training_data/7C/000006.png')
('WRB_preflip:', 984, 0, 168)
('WRB_rotated:', 1152, 0, 0)
(64, '-', 'training_data/7C/000135.png')
('WRB_preflip:', 993, 0, 159)
('WRB_rotated:', 1152, 0, 0)
(65, '-', 'training_data/7C/000136.png')
('WRB_preflip:', 1152, 0, 0)
('WRB_rotated:', 1002, 0, 150)
rotated
(66, '-', 'training_data/7C/000137.png')
('WRB_preflip:', 1152, 0, 0)
('WRB_rotated:', 995, 0, 157)
rotated
(67, '-', 'training_data/7D/000005.png')
('WRB_preflip:', 1096, 56, 0)
('WRB_rotated:', 1152, 0, 0)
(68, '-', 'training_data/7D/000019.png')
('WRB_preflip:', 1010, 142, 0)
('WRB_rotated:', 1152, 0, 0)
(69, '-', 'training_data/7D/000020.png')
('WRB_preflip:', 1003, 149, 0)
('WRB_rotated:', 1152, 0, 0)
(70, '-', 'training_data/7D/000021.png')
('WRB_preflip:', 1002, 150, 0)
('WRB_rotated:', 1152, 0, 0)
(71, '-', 'training_data/7H/000049.png')
('WRB_preflip:', 1012, 140, 0)
('WRB_rotated:', 1149, 3, 0)
(72, '-', 'training_data/7H/000050.png')
('WRB_preflip:', 1007, 145, 0)
('WRB_rotated:', 1152, 0, 0)
(73, '-', 'training_data/7H/000051.png')
('WRB_preflip:', 1030, 122, 0)
('WRB_rotated:', 1140, 12, 0)
(74, '-', 'training_data/7S/000004.png')
('WRB_preflip:', 994, 0, 158)
('WRB_rotated:', 1152, 0, 0)
(75, '-', 'training_data/7S/000132.png')
('WRB_preflip:', 998, 0, 154)
('WRB_rotated:', 1152, 0, 0)
(76, '-', 'training_data/7S/000133.png')
('WRB_preflip:', 998, 0, 154)
('WRB_rotated:', 1152, 0, 0)
(77, '-', 'training_data/7S/000134.png')
('WRB_preflip:', 999, 0, 153)
('WRB_rotated:', 1152, 0, 0)
(78, '-', 'training_data/8C/000003.png')
('WRB_preflip:', 923, 0, 229)
('WRB_rotated:', 1152, 0, 0)
(79, '-', 'training_data/8C/000004.png')
('WRB_preflip:', 952, 0, 200)
('WRB_rotated:', 1152, 0, 0)
(80, '-', 'training_data/8C/000005.png')
('WRB_preflip:', 964, 0, 188)
('WRB_rotated:', 1152, 0, 0)
(81, '-', 'training_data/8C/000006.png')
('WRB_preflip:', 996, 0, 156)
('WRB_rotated:', 1152, 0, 0)
(82, '-', 'training_data/8D/000106.png')
('WRB_preflip:', 921, 231, 0)
('WRB_rotated:', 1152, 0, 0)
(83, '-', 'training_data/8D/000107.png')
('WRB_preflip:', 913, 239, 0)
('WRB_rotated:', 1152, 0, 0)
(84, '-', 'training_data/8D/000108.png')
('WRB_preflip:', 924, 228, 0)
('WRB_rotated:', 1152, 0, 0)
(85, '-', 'training_data/8H/000002.png')
('WRB_preflip:', 1000, 152, 0)
('WRB_rotated:', 1134, 18, 0)
(86, '-', 'training_data/8H/000028.png')
('WRB_preflip:', 926, 226, 0)
('WRB_rotated:', 1152, 0, 0)
(87, '-', 'training_data/8H/000029.png')
('WRB_preflip:', 922, 230, 0)
('WRB_rotated:', 1145, 7, 0)
(88, '-', 'training_data/8H/000030.png')
('WRB_preflip:', 948, 204, 0)
('WRB_rotated:', 1147, 5, 0)
(89, '-', 'training_data/8S/000001.png')
('WRB_preflip:', 922, 0, 230)
('WRB_rotated:', 1152, 0, 0)
(90, '-', 'training_data/8S/000034.png')
('WRB_preflip:', 915, 0, 237)
('WRB_rotated:', 1152, 0, 0)
(91, '-', 'training_data/8S/000035.png')
('WRB_preflip:', 910, 0, 242)
('WRB_rotated:', 1152, 0, 0)
(92, '-', 'training_data/8S/000036.png')
('WRB_preflip:', 895, 0, 257)
('WRB_rotated:', 1152, 0, 0)
(93, '-', 'training_data/9C/000117.png')
('WRB_preflip:', 902, 0, 250)
('WRB_rotated:', 1152, 0, 0)
(94, '-', 'training_data/9C/000118.png')
('WRB_preflip:', 922, 0, 230)
('WRB_rotated:', 1152, 0, 0)
(95, '-', 'training_data/9C/000119.png')
('WRB_preflip:', 900, 0, 252)
('WRB_rotated:', 1152, 0, 0)
(96, '-', 'training_data/9D/000123.png')
('WRB_preflip:', 925, 227, 0)
('WRB_rotated:', 1152, 0, 0)
(97, '-', 'training_data/9D/000124.png')
('WRB_preflip:', 906, 246, 0)
('WRB_rotated:', 1152, 0, 0)
(98, '-', 'training_data/9D/000125.png')
('WRB_preflip:', 938, 214, 0)
('WRB_rotated:', 1152, 0, 0)
(99, '-', 'training_data/9H/000070.png')
('WRB_preflip:', 921, 231, 0)
('WRB_rotated:', 1152, 0, 0)
(100, '-', 'training_data/9H/000071.png')
('WRB_preflip:', 927, 225, 0)
('WRB_rotated:', 1143, 9, 0)
(101, '-', 'training_data/9H/000072.png')
('WRB_preflip:', 916, 236, 0)
('WRB_rotated:', 1152, 0, 0)
(102, '-', 'training_data/9S/000082.png')
('WRB_preflip:', 898, 0, 254)
('WRB_rotated:', 1152, 0, 0)
(103, '-', 'training_data/9S/000083.png')
('WRB_preflip:', 892, 0, 260)
('WRB_rotated:', 1152, 0, 0)
(104, '-', 'training_data/9S/000084.png')
('WRB_preflip:', 906, 0, 246)
('WRB_rotated:', 1152, 0, 0)
(105, '-', 'training_data/AC/000000.png')
('WRB_preflip:', 921, 0, 231)
('WRB_rotated:', 1152, 0, 0)
(106, '-', 'training_data/AC/000001.png')
('WRB_preflip:', 923, 0, 229)
('WRB_rotated:', 1152, 0, 0)
(107, '-', 'training_data/AC/000002.png')
('WRB_preflip:', 935, 0, 217)
('WRB_rotated:', 1152, 0, 0)
(108, '-', 'training_data/AC/000003.png')
('WRB_preflip:', 894, 0, 258)
('WRB_rotated:', 1152, 0, 0)
(109, '-', 'training_data/AC/AC2.png')
('WRB_preflip:', 891, 0, 261)
('WRB_rotated:', 1152, 0, 0)
(110, '-', 'training_data/AD/000150.png')
('WRB_preflip:', 927, 225, 0)
('WRB_rotated:', 1152, 0, 0)
(111, '-', 'training_data/AD/000151.png')
('WRB_preflip:', 1152, 0, 0)
('WRB_rotated:', 919, 233, 0)
rotated
(112, '-', 'training_data/AD/000152.png')
('WRB_preflip:', 900, 252, 0)
('WRB_rotated:', 1152, 0, 0)
(113, '-', 'training_data/AH/000097.png')
('WRB_preflip:', 912, 240, 0)
('WRB_rotated:', 1152, 0, 0)
(114, '-', 'training_data/AH/000098.png')
('WRB_preflip:', 886, 266, 0)
('WRB_rotated:', 1152, 0, 0)
(115, '-', 'training_data/AH/000099.png')
('WRB_preflip:', 907, 245, 0)
('WRB_rotated:', 1152, 0, 0)
(116, '-', 'training_data/AS/000144.png')
('WRB_preflip:', 898, 0, 254)
('WRB_rotated:', 1152, 0, 0)
(117, '-', 'training_data/AS/000145.png')
('WRB_preflip:', 893, 0, 259)
('WRB_rotated:', 1152, 0, 0)
(118, '-', 'training_data/AS/000146.png')
('WRB_preflip:', 894, 0, 258)
('WRB_rotated:', 1152, 0, 0)
(119, '-', 'training_data/JC/000091.png')
('WRB_preflip:', 982, 0, 170)
('WRB_rotated:', 1152, 0, 0)
(120, '-', 'training_data/JC/000092.png')
('WRB_preflip:', 967, 0, 185)
('WRB_rotated:', 1142, 0, 10)
(121, '-', 'training_data/JC/000093.png')
('WRB_preflip:', 1001, 0, 151)
('WRB_rotated:', 1152, 0, 0)
(122, '-', 'training_data/JD/000147.png')
('WRB_preflip:', 1012, 140, 0)
('WRB_rotated:', 1152, 0, 0)
(123, '-', 'training_data/JD/000148.png')
('WRB_preflip:', 997, 155, 0)
('WRB_rotated:', 1141, 0, 11)
(124, '-', 'training_data/JD/000149.png')
('WRB_preflip:', 996, 156, 0)
('WRB_rotated:', 1152, 0, 0)
(125, '-', 'training_data/JH/000073.png')
('WRB_preflip:', 1011, 141, 0)
('WRB_rotated:', 1152, 0, 0)
(126, '-', 'training_data/JH/000074.png')
('WRB_preflip:', 1020, 132, 0)
('WRB_rotated:', 1152, 0, 0)
(127, '-', 'training_data/JH/000075.png')
('WRB_preflip:', 1112, 40, 0)
('WRB_rotated:', 1152, 0, 0)
(128, '-', 'training_data/JS/000100.png')
('WRB_preflip:', 986, 0, 166)
('WRB_rotated:', 1152, 0, 0)
(129, '-', 'training_data/JS/000101.png')
('WRB_preflip:', 990, 0, 162)
('WRB_rotated:', 1152, 0, 0)
(130, '-', 'training_data/JS/000102.png')
('WRB_preflip:', 1152, 0, 0)
('WRB_rotated:', 979, 0, 173)
rotated
(131, '-', 'training_data/KC/000016.png')
('WRB_preflip:', 854, 0, 298)
('WRB_rotated:', 1152, 0, 0)
(132, '-', 'training_data/KC/000017.png')
('WRB_preflip:', 846, 0, 306)
('WRB_rotated:', 1152, 0, 0)
(133, '-', 'training_data/KC/000018.png')
('WRB_preflip:', 874, 0, 278)
('WRB_rotated:', 1152, 0, 0)
(134, '-', 'training_data/KD/000129.png')
('WRB_preflip:', 874, 278, 0)
('WRB_rotated:', 1152, 0, 0)
(135, '-', 'training_data/KD/000131.png')
('WRB_preflip:', 1152, 0, 0)
('WRB_rotated:', 896, 256, 0)
rotated
(136, '-', 'training_data/KH/000126.png')
('WRB_preflip:', 874, 278, 0)
('WRB_rotated:', 1152, 0, 0)
(137, '-', 'training_data/KH/000127.png')
('WRB_preflip:', 917, 235, 0)
('WRB_rotated:', 1152, 0, 0)
(138, '-', 'training_data/KH/000128.png')
('WRB_preflip:', 896, 256, 0)
('WRB_rotated:', 1152, 0, 0)
(139, '-', 'training_data/KS/000115.png')
('WRB_preflip:', 860, 0, 292)
('WRB_rotated:', 1152, 0, 0)
(140, '-', 'training_data/KS/000116.png')
('WRB_preflip:', 873, 0, 279)
('WRB_rotated:', 1152, 0, 0)
(141, '-', 'training_data/QC/000007.png')
('WRB_preflip:', 918, 0, 234)
('WRB_rotated:', 1152, 0, 0)
(142, '-', 'training_data/QC/000008.png')
('WRB_preflip:', 1042, 0, 110)
('WRB_rotated:', 1152, 0, 0)
(143, '-', 'training_data/QC/000009.png')
('WRB_preflip:', 906, 0, 246)
('WRB_rotated:', 1152, 0, 0)
(144, '-', 'training_data/QD/000025.png')
('WRB_preflip:', 871, 281, 0)
('WRB_rotated:', 1152, 0, 0)
(145, '-', 'training_data/QD/000026.png')
('WRB_preflip:', 883, 269, 0)
('WRB_rotated:', 1152, 0, 0)
(146, '-', 'training_data/QD/000027.png')
('WRB_preflip:', 855, 297, 0)
('WRB_rotated:', 1152, 0, 0)
(147, '-', 'training_data/QH/000103.png')
('WRB_preflip:', 864, 288, 0)
('WRB_rotated:', 1152, 0, 0)
(148, '-', 'training_data/QH/000104.png')
('WRB_preflip:', 857, 295, 0)
('WRB_rotated:', 1152, 0, 0)
(149, '-', 'training_data/QH/000105.png')
('WRB_preflip:', 843, 309, 0)
('WRB_rotated:', 1152, 0, 0)
(150, '-', 'training_data/QS/000088.png')
('WRB_preflip:', 850, 0, 302)
('WRB_rotated:', 1152, 0, 0)
(151, '-', 'training_data/QS/000089.png')
('WRB_preflip:', 864, 0, 288)
('WRB_rotated:', 1152, 0, 0)
(152, '-', 'training_data/QS/000090.png')
('WRB_preflip:', 872, 0, 280)
('WRB_rotated:', 1152, 0, 0)
(153, '-', 'training_data/TC/000067.png')
('WRB_preflip:', 843, 0, 309)
('WRB_rotated:', 1152, 0, 0)
(154, '-', 'training_data/TC/000068.png')
('WRB_preflip:', 889, 0, 263)
('WRB_rotated:', 1152, 0, 0)
(155, '-', 'training_data/TC/000069.png')
('WRB_preflip:', 838, 0, 314)
('WRB_rotated:', 1152, 0, 0)
(156, '-', 'training_data/TD/000076.png')
('WRB_preflip:', 914, 238, 0)
('WRB_rotated:', 1152, 0, 0)
(157, '-', 'training_data/TD/000077.png')
('WRB_preflip:', 902, 250, 0)
('WRB_rotated:', 1152, 0, 0)
(158, '-', 'training_data/TD/000078.png')
('WRB_preflip:', 865, 287, 0)
('WRB_rotated:', 1152, 0, 0)
(159, '-', 'training_data/TH/000055.png')
('WRB_preflip:', 869, 283, 0)
('WRB_rotated:', 1152, 0, 0)
(160, '-', 'training_data/TH/000056.png')
('WRB_preflip:', 903, 249, 0)
('WRB_rotated:', 1152, 0, 0)
(161, '-', 'training_data/TH/000057.png')
('WRB_preflip:', 940, 212, 0)
('WRB_rotated:', 1146, 6, 0)
(162, '-', 'training_data/TS/000031.png')
('WRB_preflip:', 845, 0, 307)
('WRB_rotated:', 1152, 0, 0)
(163, '-', 'training_data/TS/000032.png')
('WRB_preflip:', 846, 0, 306)
('WRB_rotated:', 1152, 0, 0)
(164, '-', 'training_data/TS/000033.png')
('WRB_preflip:', 849, 0, 303)
('WRB_rotated:', 1152, 0, 0)
('Total Classification Time:', 175.0925691127777)
('Time per Classification:', 1.0611670855319861)
('Accuracy:', 0.9878787878787879)
('Misclassification Count:', 2.0)
